<?xml version="1.0" encoding="UTF-8"?>
<testsuites name="jest tests" tests="2" failures="0" errors="0" time="3.667">
  <testsuite name="Complete Task for Transfer" errors="0" failures="0" skipped="0" timestamp="2023-02-07T13:34:27" time="2.095" tests="2">
    <testcase classname="Complete Task for Transfer Complete Task for Transfer" name="Complete Task for Transfer Complete Task for Transfer" time="1.072">
    </testcase>
    <testcase classname="Complete Task for Transfer Complete Task for Transfer error handler is called" name="Complete Task for Transfer Complete Task for Transfer error handler is called" time="0.002">
    </testcase>
  </testsuite>
</testsuites>